// Vitest Snapshot v1, https://vitest.dev/guide/snapshot.html

exports[`Auth > should render correctly 1`] = `
<DocumentFragment>
  <section
    class="sc-beySPh bHYugo"
  >
    <div
      class="sc-guDLey dZDvpb"
    >
      <label
        class="sc-hLQSwg faudQI"
        for="email"
      >
        Correo electr칩nico *
      </label>
      <input
        autocomplete="email"
        class="sc-dmyCSP kwjocc"
        id="email"
        placeholder="Correo electr칩nico"
        required=""
        type="email"
        value=""
      />
    </div>
    <div
      class="sc-guDLey dZDvpb"
    >
      <label
        class="sc-hLQSwg faudQI"
        for="name"
      >
        Nombre *
      </label>
      <input
        class="sc-dmyCSP kwjocc"
        id="name"
        placeholder="Nombre"
        required=""
        type="text"
        value=""
      />
    </div>
    <div
      class="sc-guDLey dZDvpb"
    >
      <label
        class="sc-hLQSwg faudQI"
        for="password"
      >
        Contrase침a *
      </label>
      <input
        autocomplete="current-password"
        class="sc-dmyCSP kwjocc"
        id="password"
        placeholder="Contrase침a"
        required=""
        type="password"
        value=""
      />
    </div>
    <div
      class="sc-eDLKkx bjYlzG"
    >
      <button
        name="Inscribirse"
        type="button"
      >
        Inscribirse
      </button>
    </div>
  </section>
</DocumentFragment>
`;
