// Vitest Snapshot v1, https://vitest.dev/guide/snapshot.html

exports[`Root > should render correctly 1`] = `
<DocumentFragment>
  children
</DocumentFragment>
`;
