// Vitest Snapshot v1, https://vitest.dev/guide/snapshot.html

exports[`ProductList > should render correctly 1`] = `
<DocumentFragment>
  <div
    class="sc-beySPh fljxg"
  >
    <div>
      Balon Blanco y Negro
    </div>
    <div>
      Espinilleras Negras
    </div>
  </div>
</DocumentFragment>
`;
